---
source: crates/railgun-rs/src/railgun/transaction/shield_builder.rs
assertion_line: 93
expression: shield_request
---
TxData {
    to: 0xfa7093cdd9ee6932b4eb2c9e1cde7ce00b1fa4b9,
    data: [
        4,
        74,
        64,
        195,
        0,
        0,
        0,
        0,
        0,
        0,
        0,
        0,
        0,
        0,
        0,
        0,
        0,
        0,
        0,
        0,
        0,
        0,
        0,
        0,
        0,
        0,
        0,
        0,
        0,
        0,
        0,
        0,
        0,
        0,
        0,
        32,
        0,
        0,
        0,
        0,
        0,
        0,
        0,
        0,
        0,
        0,
        0,
        0,
        0,
        0,
        0,
        0,
        0,
        0,
        0,
        0,
        0,
        0,
        0,
        0,
        0,
        0,
        0,
        0,
        0,
        0,
        0,
        1,
        8,
        193,
        165,
        127,
        15,
        117,
        142,
        1,
        170,
        186,
        207,
        236,
        147,
        255,
        110,
        187,
        224,
        202,
        187,
        222,
        193,
        153,
        183,
        16,
        68,
        125,
        132,
        72,
        91,
        147,
        101,
        187,
        0,
        0,
        0,
        0,
        0,
        0,
        0,
        0,
        0,
        0,
        0,
        0,
        0,
        0,
        0,
        0,
        0,
        0,
        0,
        0,
        0,
        0,
        0,
        0,
        0,
        0,
        0,
        0,
        0,
        0,
        0,
        0,
        0,
        0,
        0,
        0,
        0,
        0,
        0,
        0,
        0,
        0,
        0,
        0,
        0,
        0,
        0,
        0,
        0,
        0,
        0,
        0,
        0,
        0,
        0,
        0,
        0,
        0,
        0,
        0,
        0,
        0,
        0,
        0,
        0,
        0,
        0,
        0,
        0,
        0,
        0,
        0,
        0,
        0,
        0,
        0,
        0,
        0,
        0,
        0,
        0,
        0,
        0,
        0,
        0,
        0,
        0,
        0,
        0,
        0,
        0,
        0,
        0,
        0,
        0,
        0,
        0,
        0,
        0,
        0,
        0,
        0,
        0,
        0,
        0,
        0,
        0,
        0,
        0,
        0,
        0,
        0,
        0,
        0,
        0,
        0,
        0,
        0,
        0,
        0,
        0,
        0,
        0,
        0,
        0,
        15,
        66,
        64,
        180,
        32,
        174,
        107,
        118,
        49,
        97,
        14,
        129,
        15,
        115,
        121,
        20,
        230,
        153,
        123,
        146,
        170,
        25,
        221,
        185,
        38,
        185,
        121,
        85,
        187,
        237,
        235,
        173,
        216,
        90,
        187,
        33,
        216,
        178,
        205,
        153,
        178,
        11,
        130,
        104,
        101,
        40,
        35,
        101,
        136,
        82,
        95,
        104,
        101,
        88,
        253,
        113,
        8,
        157,
        221,
        70,
        59,
        78,
        84,
        131,
        143,
        11,
        57,
        174,
        136,
        204,
        3,
        50,
        178,
        3,
        146,
        110,
        196,
        219,
        24,
        124,
        251,
        110,
        119,
        98,
        65,
        205,
        196,
        212,
        105,
        132,
        209,
        201,
        148,
        184,
        56,
        95,
        253,
        206,
        103,
        91,
        237,
        81,
        93,
        228,
        229,
        174,
        203,
        198,
        151,
        224,
        248,
        39,
        69,
        159,
        245,
        229,
        56,
        76,
        45,
        196,
        176,
        251,
        116,
        179,
        53,
        67,
        78,
        162,
        202,
        22,
        70,
    ],
    value: 0,
}
